/home/jizho/projects/diffusion-playground/.venv/lib/python3.11/site-packages/lightning/fabric/plugins/environments/slurm.py:204: The `srun` command is available on your system but is not used. HINT: If your intention is to run Lightning on SLURM, prepend your python command with `srun` like so: srun python /home/jizho/projects/diffusion-playground/src/litTra ...
GPU available: True (cuda), used: True
TPU available: False, using: 0 TPU cores
💡 Tip: For seamless cloud logging and experiment tracking, try installing [litlogger](https://pypi.org/project/litlogger/) to enable LitLogger, which logs metrics and artifacts automatically to the Lightning Experiments platform.
wandb: WARNING The anonymous setting has no effect and will be removed in a future version.
wandb: [wandb.login()] Loaded credentials for https://api.wandb.ai from /home/jizho/.netrc.
wandb: Currently logged in as: zjccharles to https://api.wandb.ai. Use `wandb login --relogin` to force relogin
wandb: setting up run 248mrdqw
wandb: Tracking run with wandb version 0.27.2
wandb: Run data is saved locally in wandb_logs/wandb/run-20260916_040453-248mrdqw
wandb: Run `wandb offline` to turn off syncing.
wandb: Syncing run RFMMLP_pacman_fractional
wandb: ⭐️ View project at https://wandb.ai/zjccharles/diffusion-playground
wandb: 🚀 View run at https://wandb.ai/zjccharles/diffusion-playground/runs/248mrdqw
LOCAL_RANK: 0 - CUDA_VISIBLE_DEVICES: [7]

  | Name  | Type                   | Params | Mode  | FLOPs
-----------------------------------------------------------------
0 | model | RFMMLP                 | 1.9 M  | train | 0    
1 | rfm   | RiemannianFlowMatching | 0      | train | 0    
-----------------------------------------------------------------
1.9 M     Trainable params
0         Non-trainable params
1.9 M     Total params
7.655     Total estimated model params size (MB)
17        Modules in train mode
0         Modules in eval mode
0         Total Flops
/home/jizho/projects/diffusion-playground/.venv/lib/python3.11/site-packages/lightning/pytorch/utilities/_pytree.py:21: `isinstance(treespec, LeafSpec)` is deprecated, use `isinstance(treespec, TreeSpec) and treespec.is_leaf()` instead.
`Trainer.fit` stopped: `max_epochs=2000` reached.
wandb: updating run metadata
wandb: uploading history steps 8925-8936, summary, console lines 14-14
wandb: uploading console lines 16-17
wandb: 
wandb: Run history:
wandb:                           epoch ▁▁▁▁▂▂▂▂▃▃▃▃▃▃▃▄▄▄▄▄▅▅▅▅▅▅▅▆▆▆▇▇▇▇▇▇████
wandb:                train/loss_epoch ▇██▇▅▅▄▅▄▄▃▃▄▄▁▃▄▂▃▂▃▃▂▄▃▃▃▃▂▂▁▄▂▂▂▃▃▃▁▄
wandb: train/loss_gain_over_zero_epoch ▁▁▂▃▃▆▅▇▆▆▆▅▇▆▇▆▇▆▆▇▇▇▇▇▇▇▆█▅▆▇██▇▇▇▇█▇▆
wandb:  train/loss_gain_over_zero_step ▁▃▄▄▄▄▅▅▅▃▄▄▄█▅▄▇▅▅▆▆▅▆▅▇▄▂▃▆▄▃▃▄▇▅▅▇▅▃▆
wandb:                 train/loss_mean ██▆▆▅▅▅▄▄▅▃▁▆▅▂▄▅▃▅▁▃▄▄▃▂▃▂▃▄▃▄▄▅▁▂▄▂▅▂▃
wandb:                  train/loss_std ▃▁▄▆▂▃▃▅▅▄▂▅▇▅▅▄▂▆▆▄▃▅▅▄▂▄▄▄▃▇▃▄█▃▄▄▃▂▅▃
wandb:                 train/loss_step ▅▅▅▅▃▃▄▇▂▇▅▃▃▄▇▃▅▁▇▄▄▅▆▃▃█▂▆▅▂▄▄▅▆▄▂▇▇▄▄
wandb:                  train/loss_var ▅▄▄▃▇▅▅▃▃▆▃▄▄▃▄▆▃▇▄▆▆▆▄▇▂▃▄█▄█▅▂█▁▅▂▇▆▄▁
wandb:   train/pred_velocity_rms_epoch ▁▃▅▅▅▆▅▆▇▇▆█▇▆▇▇▇▇▇▇▇▇▇▇▇█▇█▇▇▇███▇█▇█▇▇
wandb:    train/pred_velocity_rms_step ▁▄▃▄▅▇█▅█▅▅▇▆▄▆▇▆▅▇▅▇▆▇▆▅▆▇▆▆▅██▇▆▆▆▆▇▇▆
wandb:                             +11 ...
wandb: 
wandb: Run summary:
wandb:                           epoch 1999
wandb:                train/loss_epoch 0.1631
wandb: train/loss_gain_over_zero_epoch 0.00403
wandb:  train/loss_gain_over_zero_step 0.00483
wandb:                 train/loss_mean 0.16312
wandb:                  train/loss_std 0.0048
wandb:                 train/loss_step 0.15676
wandb:                  train/loss_var 2e-05
wandb:   train/pred_velocity_rms_epoch 0.04581
wandb:    train/pred_velocity_rms_step 0.04472
wandb:                             +11 ...
wandb: 
wandb: 🚀 View run RFMMLP_pacman_fractional at: https://wandb.ai/zjccharles/diffusion-playground/runs/248mrdqw
wandb: ⭐️ View project at: https://wandb.ai/zjccharles/diffusion-playground
wandb: Synced 5 W&B file(s), 0 media file(s), 0 artifact file(s) and 0 other file(s)
wandb: Find logs at: wandb_logs/wandb/run-20260916_040453-248mrdqw/logs
