/home/jizho/projects/diffusion-playground/.venv/lib/python3.11/site-packages/lightning/fabric/plugins/environments/slurm.py:204: The `srun` command is available on your system but is not used. HINT: If your intention is to run Lightning on SLURM, prepend your python command with `srun` like so: srun python /home/jizho/projects/diffusion-playground/src/litTra ...
GPU available: True (cuda), used: True
TPU available: False, using: 0 TPU cores
💡 Tip: For seamless cloud logging and experiment tracking, try installing [litlogger](https://pypi.org/project/litlogger/) to enable LitLogger, which logs metrics and artifacts automatically to the Lightning Experiments platform.
wandb: WARNING The anonymous setting has no effect and will be removed in a future version.
wandb: [wandb.login()] Loaded credentials for https://api.wandb.ai from /home/jizho/.netrc.
wandb: Currently logged in as: zjccharles to https://api.wandb.ai. Use `wandb login --relogin` to force relogin
wandb: setting up run s9cq4ntu
wandb: Tracking run with wandb version 0.27.2
wandb: Run data is saved locally in wandb_logs/wandb/run-20260904_142025-s9cq4ntu
wandb: Run `wandb offline` to turn off syncing.
wandb: Syncing run RGVFMMLP_pacman_fractional_res_scale_0.5
wandb: ⭐️ View project at https://wandb.ai/zjccharles/diffusion-playground
wandb: 🚀 View run at https://wandb.ai/zjccharles/diffusion-playground/runs/s9cq4ntu
LOCAL_RANK: 0 - CUDA_VISIBLE_DEVICES: [7]

  | Name   | Type                                      | Params | Mode  | FLOPs
-------------------------------------------------------------------------------------
0 | model  | RGVFMMLP                                  | 3.2 M  | train | 0    
1 | rg_vfm | RiemannianGaussianVariationalFlowMatching | 0      | train | 0    
-------------------------------------------------------------------------------------
3.2 M     Trainable params
0         Non-trainable params
3.2 M     Total params
12.902    Total estimated model params size (MB)
18        Modules in train mode
0         Modules in eval mode
0         Total Flops
/home/jizho/projects/diffusion-playground/.venv/lib/python3.11/site-packages/lightning/pytorch/utilities/_pytree.py:21: `isinstance(treespec, LeafSpec)` is deprecated, use `isinstance(treespec, TreeSpec) and treespec.is_leaf()` instead.
`Trainer.fit` stopped: `max_epochs=2000` reached.
wandb: updating run metadata
wandb: uploading output.log; uploading wandb-summary.json; uploading config.yaml
wandb: uploading history steps 10110-10124, summary, console lines 14-14
wandb: 
wandb: Run history:
wandb:                               epoch ▁▁▁▂▂▂▂▂▂▃▃▃▃▃▄▅▅▅▅▅▅▆▆▆▆▆▆▆▆▆▇▇▇▇▇█████
wandb:       train/endpoint_movement_epoch ▂▁▂▃▃▄▄▅▄▅▃▇▅▅▆▆▆▆▇▆▆▇█▇▆█▇▇▇█▆▇▇█▇▇▇▇██
wandb:        train/endpoint_movement_step ▁▂▁▃▄▅▅▆▆▆▅▆▆▆▆▆▆▆▆▇▇█▇▆▆█▇▇▆▇▆▆▆▇▇▆▇▆██
wandb:           train/identity_loss_epoch ▇▇█▅▆▄▅▅▆▃▆▇▂▅▄▅▆▂▅▆▃▆▅▅▆▄▆▆▅▁▂▂▂▆▅▅▄▆▄▅
wandb:            train/identity_loss_step ▂▂▄▆▅▃▄▃▁▂▄▃▂▃▃▅▂▅▃▃▂▅▃▇▃▄▂▅▃▃▄▂▄▁▂▅▂▄█▅
wandb:                    train/loss_epoch ▇▅▅▇▄▄▅▄▂▅▆▆▄▂▄▄▃▄▅█▄▃▄▃▂▂▃▄▅▃▄▁▃▃▂▂▄▄▂▃
wandb: train/loss_gain_over_identity_epoch ▁▄▄▅▅▆▆▆▆▇▇▇▇▇▇█▇▆▇▇▇▆▇▇▇▇▇▇▇▇▇█▇▇██▇██▇
wandb:  train/loss_gain_over_identity_step ▃▂▄▃▂▄▅▅▃▅▅█▆▃▅▁█▆▆▇▄▅▄▄▆▆▄▆█▅▅▄▃▅▄▆▂▆▅▄
wandb:                     train/loss_mean ▅▆▁▃▆▆▄▄▆▃▆▅▂▁▆▅▃▃▂▃▃▂▆▆▇█▅▄▃▂▃▅▃▁▃▄▂▂▄▂
wandb:                      train/loss_std ▅▁▃▃▅█▃▂▃▅▂█▄▄▂▅▂▄▃▅▁▄▅▄▃▅▅▄▂▃▄▅█▄▅▂▄▄▅▄
wandb:                                  +8 ...
wandb: 
wandb: Run summary:
wandb:                               epoch 1999
wandb:       train/endpoint_movement_epoch 0.0111
wandb:        train/endpoint_movement_step 0.01113
wandb:           train/identity_loss_epoch 0.15552
wandb:            train/identity_loss_step 0.15263
wandb:                    train/loss_epoch 0.15297
wandb: train/loss_gain_over_identity_epoch 0.00255
wandb:  train/loss_gain_over_identity_step 0.003
wandb:                     train/loss_mean 0.15296
wandb:                      train/loss_std 0.00452
wandb:                                  +8 ...
wandb: 
wandb: 🚀 View run RGVFMMLP_pacman_fractional_res_scale_0.5 at: https://wandb.ai/zjccharles/diffusion-playground/runs/s9cq4ntu
wandb: ⭐️ View project at: https://wandb.ai/zjccharles/diffusion-playground
wandb: Synced 5 W&B file(s), 0 media file(s), 0 artifact file(s) and 0 other file(s)
wandb: Find logs at: wandb_logs/wandb/run-20260904_142025-s9cq4ntu/logs
