/home/jizho/projects/diffusion-playground/.venv/lib/python3.11/site-packages/lightning/fabric/plugins/environments/slurm.py:204: The `srun` command is available on your system but is not used. HINT: If your intention is to run Lightning on SLURM, prepend your python command with `srun` like so: srun python /home/jizho/projects/diffusion-playground/src/litTra ...
GPU available: True (cuda), used: True
TPU available: False, using: 0 TPU cores
💡 Tip: For seamless cloud logging and experiment tracking, try installing [litlogger](https://pypi.org/project/litlogger/) to enable LitLogger, which logs metrics and artifacts automatically to the Lightning Experiments platform.
You are using a CUDA device ('NVIDIA RTX A5000') that has Tensor Cores. To properly utilize them, you should set `torch.set_float32_matmul_precision('medium' | 'high')` which will trade-off precision for performance. For more details, read https://pytorch.org/docs/stable/generated/torch.set_float32_matmul_precision.html#torch.set_float32_matmul_precision
wandb: WARNING The anonymous setting has no effect and will be removed in a future version.
wandb: [wandb.login()] Loaded credentials for https://api.wandb.ai from /home/jizho/.netrc.
wandb: Currently logged in as: zjccharles to https://api.wandb.ai. Use `wandb login --relogin` to force relogin
wandb: setting up run bk70f44b
wandb: Tracking run with wandb version 0.27.2
wandb: Run data is saved locally in wandb_logs/wandb/run-20260917_161130-bk70f44b
wandb: Run `wandb offline` to turn off syncing.
wandb: Syncing run RGVFMMLP_checkerboard_4_fractional_extrinsic_raw_res_scale_0.1_unnormalized_loss_weight
wandb: ⭐️ View project at https://wandb.ai/zjccharles/diffusion-playground
wandb: 🚀 View run at https://wandb.ai/zjccharles/diffusion-playground/runs/bk70f44b
LOCAL_RANK: 0 - CUDA_VISIBLE_DEVICES: [5]

  | Name   | Type                                      | Params | Mode  | FLOPs
-------------------------------------------------------------------------------------
0 | model  | EX_RGVFMMLP                               | 1.9 M  | train | 0    
1 | rg_vfm | RiemannianGaussianVariationalFlowMatching | 0      | train | 0    
-------------------------------------------------------------------------------------
1.9 M     Trainable params
0         Non-trainable params
1.9 M     Total params
7.625     Total estimated model params size (MB)
17        Modules in train mode
0         Modules in eval mode
0         Total Flops
/home/jizho/projects/diffusion-playground/.venv/lib/python3.11/site-packages/lightning/pytorch/utilities/_pytree.py:21: `isinstance(treespec, LeafSpec)` is deprecated, use `isinstance(treespec, TreeSpec) and treespec.is_leaf()` instead.
An ValueError was raised with message:             points must have shape (batch, 2), got torch.Size([4096, 1]), saved checkpoint to /home/jizho/projects/diffusion-playground/checkpoints/20260917_161128/RGVFMMLP_checkerboard_4_fractional_extrinsic_raw_res_scale_0.1_unnormalized_loss_weight/last.ckpt
wandb: updating run metadata
wandb: uploading wandb-summary.json; uploading config.yaml; uploading output.log
wandb: uploading history steps 77-108, summary, console lines 14-14
wandb: 
wandb: Run history:
wandb:                               epoch ▁▁▁▁▁▂▂▂▂▂▃▃▃▃▃▄▄▄▄▄▄▄▅▅▅▅▅▆▆▆▆▆▆▆▇▇▇▇██
wandb:       train/endpoint_movement_epoch ▁▁▂▂▂▂▂▂▄▅▂▂▃▄▅▅▅▆▇▇▇▇██
wandb:        train/endpoint_movement_step ▁▁▁▂▁▂▁▁▂▁▁▃▅▄▄▄▂▁▂▂▄▅▅▅▅▆▆▇▄▇▅▆▇▆▅▆█▇█▆
wandb:           train/identity_loss_epoch ▄█▆▄▂▅▁▅▆▇▅▇▇▄▆▅▇▅▇▅▄██▅
wandb:            train/identity_loss_step ▅▆▆▅▃▃▃▆▇▄▅▇█▃▅▄▅▄▃▃▃▆▄▅▅▅▆▄▂▇▄▂▃▄▅▆▅▄▃▁
wandb:                    train/loss_epoch ▇█▇▆▅▇▄▅▅▅▇▇▆▄▅▄▄▃▃▂▁▃▂▁
wandb: train/loss_gain_over_identity_epoch ▁▁▂▂▂▂▂▃▄▄▁▂▄▄▄▄▅▆▆▆▇▆██
wandb:  train/loss_gain_over_identity_step ▂▂▃▂▂▂▁▃▃▃▃▅▂▁▃▃▁▂▃▄▄▅▃▅▄▆▆▄▄▄█▅▄▄█▅█▅▆▇
wandb:                     train/loss_mean ▇█▇▆▅▇▄▅▅▅▇▇▅▅▅▄▄▃▃▂▁▃▂▁
wandb:                      train/loss_std ▂▆▅▅▄▇▃▄▄▅▇▄▇▇▄▃▃█▆▇▁▄▂▇
wandb:                                  +8 ...
wandb: 
wandb: Run summary:
wandb:                               epoch 24
wandb:       train/endpoint_movement_epoch 0.03427
wandb:        train/endpoint_movement_step 0.03408
wandb:           train/identity_loss_epoch 0.08608
wandb:            train/identity_loss_step 0.08756
wandb:                    train/loss_epoch 0.07942
wandb: train/loss_gain_over_identity_epoch 0.00666
wandb:  train/loss_gain_over_identity_step 0.00753
wandb:                     train/loss_mean 0.07947
wandb:                      train/loss_std 0.00699
wandb:                                  +8 ...
wandb: 
wandb: 🚀 View run RGVFMMLP_checkerboard_4_fractional_extrinsic_raw_res_scale_0.1_unnormalized_loss_weight at: https://wandb.ai/zjccharles/diffusion-playground/runs/bk70f44b
wandb: ⭐️ View project at: https://wandb.ai/zjccharles/diffusion-playground
wandb: Synced 5 W&B file(s), 0 media file(s), 0 artifact file(s) and 0 other file(s)
wandb: Find logs at: wandb_logs/wandb/run-20260917_161130-bk70f44b/logs
Traceback (most recent call last):
  File "<frozen runpy>", line 198, in _run_module_as_main
  File "<frozen runpy>", line 88, in _run_code
  File "/home/jizho/projects/diffusion-playground/src/litTrain/trainLitRGVFMMLP.py", line 241, in <module>
    main()
  File "/home/jizho/projects/diffusion-playground/src/litTrain/trainLitRGVFMMLP.py", line 231, in main
    trainer.fit(
  File "/home/jizho/projects/diffusion-playground/.venv/lib/python3.11/site-packages/lightning/pytorch/trainer/trainer.py", line 584, in fit
    call._call_and_handle_interrupt(
  File "/home/jizho/projects/diffusion-playground/.venv/lib/python3.11/site-packages/lightning/pytorch/trainer/call.py", line 49, in _call_and_handle_interrupt
    return trainer_fn(*args, **kwargs)
           ^^^^^^^^^^^^^^^^^^^^^^^^^^^
  File "/home/jizho/projects/diffusion-playground/.venv/lib/python3.11/site-packages/lightning/pytorch/trainer/trainer.py", line 630, in _fit_impl
    self._run(model, ckpt_path=ckpt_path, weights_only=weights_only)
  File "/home/jizho/projects/diffusion-playground/.venv/lib/python3.11/site-packages/lightning/pytorch/trainer/trainer.py", line 1079, in _run
    results = self._run_stage()
              ^^^^^^^^^^^^^^^^^
  File "/home/jizho/projects/diffusion-playground/.venv/lib/python3.11/site-packages/lightning/pytorch/trainer/trainer.py", line 1123, in _run_stage
    self.fit_loop.run()
  File "/home/jizho/projects/diffusion-playground/.venv/lib/python3.11/site-packages/lightning/pytorch/loops/fit_loop.py", line 217, in run
    self.advance()
  File "/home/jizho/projects/diffusion-playground/.venv/lib/python3.11/site-packages/lightning/pytorch/loops/fit_loop.py", line 469, in advance
    self.epoch_loop.run(self._data_fetcher)
  File "/home/jizho/projects/diffusion-playground/.venv/lib/python3.11/site-packages/lightning/pytorch/loops/training_epoch_loop.py", line 154, in run
    self.on_advance_end(data_fetcher)
  File "/home/jizho/projects/diffusion-playground/.venv/lib/python3.11/site-packages/lightning/pytorch/loops/training_epoch_loop.py", line 406, in on_advance_end
    self.val_loop.run()
  File "/home/jizho/projects/diffusion-playground/.venv/lib/python3.11/site-packages/lightning/pytorch/loops/utilities.py", line 179, in _decorator
    return loop_run(self, *args, **kwargs)
           ^^^^^^^^^^^^^^^^^^^^^^^^^^^^^^^
  File "/home/jizho/projects/diffusion-playground/.venv/lib/python3.11/site-packages/lightning/pytorch/loops/evaluation_loop.py", line 153, in run
    return self.on_run_end()
           ^^^^^^^^^^^^^^^^^
  File "/home/jizho/projects/diffusion-playground/.venv/lib/python3.11/site-packages/lightning/pytorch/loops/evaluation_loop.py", line 296, in on_run_end
    self._on_evaluation_epoch_end()
  File "/home/jizho/projects/diffusion-playground/.venv/lib/python3.11/site-packages/lightning/pytorch/loops/evaluation_loop.py", line 378, in _on_evaluation_epoch_end
    call._call_callback_hooks(trainer, hook_name)
  File "/home/jizho/projects/diffusion-playground/.venv/lib/python3.11/site-packages/lightning/pytorch/trainer/call.py", line 228, in _call_callback_hooks
    fn(trainer, trainer.lightning_module, *args, **kwargs)
  File "/home/jizho/projects/diffusion-playground/src/lit/checkerboard_generation_metrics.py", line 89, in on_validation_epoch_end
    metrics = checkerboard_distribution_metrics(
              ^^^^^^^^^^^^^^^^^^^^^^^^^^^^^^^^^^
  File "/home/jizho/projects/diffusion-playground/src/lit/checkerboard_generation_metrics.py", line 15, in checkerboard_distribution_metrics
    raise ValueError(f"points must have shape (batch, 2), got {points.shape}")
ValueError: points must have shape (batch, 2), got torch.Size([4096, 1])
