/home/jizho/projects/diffusion-playground/.venv/lib/python3.11/site-packages/lightning/fabric/plugins/environments/slurm.py:204: The `srun` command is available on your system but is not used. HINT: If your intention is to run Lightning on SLURM, prepend your python command with `srun` like so: srun python /home/jizho/projects/diffusion-playground/src/litTra ...
GPU available: True (cuda), used: True
TPU available: False, using: 0 TPU cores
💡 Tip: For seamless cloud logging and experiment tracking, try installing [litlogger](https://pypi.org/project/litlogger/) to enable LitLogger, which logs metrics and artifacts automatically to the Lightning Experiments platform.
wandb: WARNING The anonymous setting has no effect and will be removed in a future version.
wandb: [wandb.login()] Loaded credentials for https://api.wandb.ai from /home/jizho/.netrc.
wandb: Currently logged in as: zjccharles to https://api.wandb.ai. Use `wandb login --relogin` to force relogin
wandb: setting up run dmokd8s2
wandb: Tracking run with wandb version 0.27.2
wandb: Run data is saved locally in wandb_logs/wandb/run-20260827_184717-dmokd8s2
wandb: Run `wandb offline` to turn off syncing.
wandb: Syncing run RGVFMMLP_checkerboard_fractional
wandb: ⭐️ View project at https://wandb.ai/zjccharles/diffusion-playground
wandb: 🚀 View run at https://wandb.ai/zjccharles/diffusion-playground/runs/dmokd8s2
LOCAL_RANK: 0 - CUDA_VISIBLE_DEVICES: [3]

  | Name   | Type                                      | Params | Mode  | FLOPs
-------------------------------------------------------------------------------------
0 | model  | RGVFMMLP                                  | 1.9 M  | train | 0    
1 | rg_vfm | RiemannianGaussianVariationalFlowMatching | 0      | train | 0    
-------------------------------------------------------------------------------------
1.9 M     Trainable params
0         Non-trainable params
1.9 M     Total params
7.655     Total estimated model params size (MB)
17        Modules in train mode
0         Modules in eval mode
0         Total Flops
/home/jizho/projects/diffusion-playground/.venv/lib/python3.11/site-packages/lightning/pytorch/utilities/_pytree.py:21: `isinstance(treespec, LeafSpec)` is deprecated, use `isinstance(treespec, TreeSpec) and treespec.is_leaf()` instead.
wandb: updating run metadata; uploading console lines 0-0
wandb: uploading summary, console lines 1-15
wandb: 🚀 View run RGVFMMLP_checkerboard_fractional at: https://wandb.ai/zjccharles/diffusion-playground/runs/dmokd8s2
wandb: ⭐️ View project at: https://wandb.ai/zjccharles/diffusion-playground
wandb: Synced 5 W&B file(s), 0 media file(s), 0 artifact file(s) and 0 other file(s)
wandb: Find logs at: wandb_logs/wandb/run-20260827_184717-dmokd8s2/logs
Traceback (most recent call last):
  File "<frozen runpy>", line 198, in _run_module_as_main
  File "<frozen runpy>", line 88, in _run_code
  File "/home/jizho/projects/diffusion-playground/src/litTrain/trainLitRGVFMMLP.py", line 171, in <module>
    main()
  File "/home/jizho/projects/diffusion-playground/src/litTrain/trainLitRGVFMMLP.py", line 161, in main
    trainer.fit(
  File "/home/jizho/projects/diffusion-playground/.venv/lib/python3.11/site-packages/lightning/pytorch/trainer/trainer.py", line 584, in fit
    call._call_and_handle_interrupt(
  File "/home/jizho/projects/diffusion-playground/.venv/lib/python3.11/site-packages/lightning/pytorch/trainer/call.py", line 49, in _call_and_handle_interrupt
    return trainer_fn(*args, **kwargs)
           ^^^^^^^^^^^^^^^^^^^^^^^^^^^
  File "/home/jizho/projects/diffusion-playground/.venv/lib/python3.11/site-packages/lightning/pytorch/trainer/trainer.py", line 630, in _fit_impl
    self._run(model, ckpt_path=ckpt_path, weights_only=weights_only)
  File "/home/jizho/projects/diffusion-playground/.venv/lib/python3.11/site-packages/lightning/pytorch/trainer/trainer.py", line 1079, in _run
    results = self._run_stage()
              ^^^^^^^^^^^^^^^^^
  File "/home/jizho/projects/diffusion-playground/.venv/lib/python3.11/site-packages/lightning/pytorch/trainer/trainer.py", line 1121, in _run_stage
    self._run_sanity_check()
  File "/home/jizho/projects/diffusion-playground/.venv/lib/python3.11/site-packages/lightning/pytorch/trainer/trainer.py", line 1150, in _run_sanity_check
    val_loop.run()
  File "/home/jizho/projects/diffusion-playground/.venv/lib/python3.11/site-packages/lightning/pytorch/loops/utilities.py", line 179, in _decorator
    return loop_run(self, *args, **kwargs)
           ^^^^^^^^^^^^^^^^^^^^^^^^^^^^^^^
  File "/home/jizho/projects/diffusion-playground/.venv/lib/python3.11/site-packages/lightning/pytorch/loops/evaluation_loop.py", line 146, in run
    self._evaluation_step(batch, batch_idx, dataloader_idx, dataloader_iter)
  File "/home/jizho/projects/diffusion-playground/.venv/lib/python3.11/site-packages/lightning/pytorch/loops/evaluation_loop.py", line 441, in _evaluation_step
    output = call._call_strategy_hook(trainer, hook_name, *step_args)
             ^^^^^^^^^^^^^^^^^^^^^^^^^^^^^^^^^^^^^^^^^^^^^^^^^^^^^^^^
  File "/home/jizho/projects/diffusion-playground/.venv/lib/python3.11/site-packages/lightning/pytorch/trainer/call.py", line 329, in _call_strategy_hook
    output = fn(*args, **kwargs)
             ^^^^^^^^^^^^^^^^^^^
  File "/home/jizho/projects/diffusion-playground/.venv/lib/python3.11/site-packages/lightning/pytorch/strategies/strategy.py", line 412, in validation_step
    return self.lightning_module.validation_step(*args, **kwargs)
           ^^^^^^^^^^^^^^^^^^^^^^^^^^^^^^^^^^^^^^^^^^^^^^^^^^^^^^
  File "/home/jizho/projects/diffusion-playground/src/lit/litRGVFMMLP.py", line 110, in validation_step
    return self._shared_step(batch, "val")
           ^^^^^^^^^^^^^^^^^^^^^^^^^^^^^^^
  File "/home/jizho/projects/diffusion-playground/src/lit/litRGVFMMLP.py", line 75, in _shared_step
    pred_x_T = self(t, x_t)
               ^^^^^^^^^^^^
  File "/home/jizho/projects/diffusion-playground/.venv/lib/python3.11/site-packages/torch/nn/modules/module.py", line 1778, in _wrapped_call_impl
    return self._call_impl(*args, **kwargs)
           ^^^^^^^^^^^^^^^^^^^^^^^^^^^^^^^^
  File "/home/jizho/projects/diffusion-playground/.venv/lib/python3.11/site-packages/torch/nn/modules/module.py", line 1789, in _call_impl
    return forward_call(*args, **kwargs)
           ^^^^^^^^^^^^^^^^^^^^^^^^^^^^^
  File "/home/jizho/projects/diffusion-playground/src/lit/litRGVFMMLP.py", line 44, in forward
    return self.model(t, x_t)
           ^^^^^^^^^^^^^^^^^^
  File "/home/jizho/projects/diffusion-playground/.venv/lib/python3.11/site-packages/torch/nn/modules/module.py", line 1778, in _wrapped_call_impl
    return self._call_impl(*args, **kwargs)
           ^^^^^^^^^^^^^^^^^^^^^^^^^^^^^^^^
  File "/home/jizho/projects/diffusion-playground/.venv/lib/python3.11/site-packages/torch/nn/modules/module.py", line 1789, in _call_impl
    return forward_call(*args, **kwargs)
           ^^^^^^^^^^^^^^^^^^^^^^^^^^^^^
  File "/home/jizho/projects/diffusion-playground/src/nn/rg_vfm_mlp.py", line 178, in forward
    hidden = self.manifold.project_to_manifold(hidden)
             ^^^^^^^^^^^^^^^^^^^^^^^^^^^^^^^^^
AttributeError: 'NoneType' object has no attribute 'project_to_manifold'
