/home/jizho/projects/diffusion-playground/.venv/lib/python3.11/site-packages/lightning/fabric/plugins/environments/slurm.py:204: The `srun` command is available on your system but is not used. HINT: If your intention is to run Lightning on SLURM, prepend your python command with `srun` like so: srun python /home/jizho/projects/diffusion-playground/src/litTra ...
GPU available: True (cuda), used: True
TPU available: False, using: 0 TPU cores
💡 Tip: For seamless cloud logging and experiment tracking, try installing [litlogger](https://pypi.org/project/litlogger/) to enable LitLogger, which logs metrics and artifacts automatically to the Lightning Experiments platform.
wandb: WARNING The anonymous setting has no effect and will be removed in a future version.
wandb: [wandb.login()] Loaded credentials for https://api.wandb.ai from /home/jizho/.netrc.
wandb: Currently logged in as: zjccharles to https://api.wandb.ai. Use `wandb login --relogin` to force relogin
wandb: setting up run 4zcchvy0
wandb: Tracking run with wandb version 0.27.2
wandb: Run data is saved locally in wandb_logs/wandb/run-20260904_170508-4zcchvy0
wandb: Run `wandb offline` to turn off syncing.
wandb: Syncing run RGVFMMLP_checkerboard_fractional_res_scale_0.5
wandb: ⭐️ View project at https://wandb.ai/zjccharles/diffusion-playground
wandb: 🚀 View run at https://wandb.ai/zjccharles/diffusion-playground/runs/4zcchvy0
LOCAL_RANK: 0 - CUDA_VISIBLE_DEVICES: [6]

  | Name   | Type                                      | Params | Mode  | FLOPs
-------------------------------------------------------------------------------------
0 | model  | RGVFMMLP                                  | 1.9 M  | train | 0    
1 | rg_vfm | RiemannianGaussianVariationalFlowMatching | 0      | train | 0    
-------------------------------------------------------------------------------------
1.9 M     Trainable params
0         Non-trainable params
1.9 M     Total params
7.655     Total estimated model params size (MB)
17        Modules in train mode
0         Modules in eval mode
0         Total Flops
/home/jizho/projects/diffusion-playground/.venv/lib/python3.11/site-packages/lightning/pytorch/utilities/_pytree.py:21: `isinstance(treespec, LeafSpec)` is deprecated, use `isinstance(treespec, TreeSpec) and treespec.is_leaf()` instead.
`Trainer.fit` stopped: `max_epochs=2000` reached.
wandb: updating run metadata
wandb: uploading history steps 10120-10124, summary, console lines 14-14
wandb: uploading console lines 16-17
wandb: 
wandb: Run history:
wandb:                               epoch ▁▁▁▁▂▂▂▂▂▃▃▃▄▄▄▄▄▄▄▄▅▅▅▅▅▅▅▅▆▆▆▇▇▇▇▇▇▇██
wandb:       train/endpoint_movement_epoch █▄▃▄▂▂▁▃▃▂▂▁▃▃▃▁▃▄▂▄▄▃▁▅▄▅▅▅▅▆█▆▆▅▇▇▆▇▇▇
wandb:        train/endpoint_movement_step █▅▂▂▃▂▆▂▆▁▃▃▃▂▆▄▅▁▄▁▄▅▄▃▄▆▅▃▄▅▄▅▃▅▄▇▅▇▅▆
wandb:           train/identity_loss_epoch ▅▆▂▆▄▆▃▄▄▅▆▃▃▁▅▂▆▅▆▆▅▆▆▂▇▄▄▆█▂▇▄▃▆▂▄▃▅▅▄
wandb:            train/identity_loss_step ▅▅▂▄▄▇▄▅▄▄▆█▆▄▆▅▄▄▄▃▇▄▅▅▆▆▁▅▄▅▅█▅▅▂▇▅█▆▄
wandb:                    train/loss_epoch ▂▃▃▃▆▇▂▇▅▄▄▄▆▅▅▅█▆▄▅▄▅▅▇▃▄▄▆▇▅▆▃▄▄▁▆▄▅▅▆
wandb: train/loss_gain_over_identity_epoch ▂▂▂▃▃▄▄▅▄▄▃▆▅▁▆▃▃▄▅▄▅▆▅▄▇█▇▆▄▅▅█▆▄▅▆▅▅▄▅
wandb:  train/loss_gain_over_identity_step ▁▃▄▄▁▅▃▅▄▆▇▂▇▃▄▇▄▇▇▆▄▇▄▆▂▄▇▅▅▄▄▆▆▁▆▃▅█▆▇
wandb:                     train/loss_mean ▆█▂▃▃▃▃▃▃▂▄▄▄▄▄▃▂▄▃▃▂▃▁▄▃▃▄▂▃▃▂▃▃▃▃▄▃▃▃▃
wandb:                      train/loss_std ▂▄▃▃▅▅▂▆▄▃▄▄▃▄▄▅▃▅▃▄▁▃▂▆▃▂▂▄▅█▃▃▃▃▃▃▁▇▆▅
wandb:                                 +10 ...
wandb: 
wandb: Run summary:
wandb:                               epoch 1999
wandb:       train/endpoint_movement_epoch 0.01239
wandb:        train/endpoint_movement_step 0.01201
wandb:           train/identity_loss_epoch 0.00826
wandb:            train/identity_loss_step 0.00713
wandb:                    train/loss_epoch 0.0079
wandb: train/loss_gain_over_identity_epoch 0.00036
wandb:  train/loss_gain_over_identity_step 7e-05
wandb:                     train/loss_mean 0.0079
wandb:                      train/loss_std 0.00067
wandb:                                 +10 ...
wandb: 
wandb: 🚀 View run RGVFMMLP_checkerboard_fractional_res_scale_0.5 at: https://wandb.ai/zjccharles/diffusion-playground/runs/4zcchvy0
wandb: ⭐️ View project at: https://wandb.ai/zjccharles/diffusion-playground
wandb: Synced 5 W&B file(s), 0 media file(s), 0 artifact file(s) and 0 other file(s)
wandb: Find logs at: wandb_logs/wandb/run-20260904_170508-4zcchvy0/logs
